2026-01-12 19:31:04,483 - INFO - Call_API function succsessfully called..
2026-01-12 19:31:04,483 - INFO - API Called successfully...
2026-01-12 19:31:30,812 - INFO - Call_API function succsessfully called..
2026-01-12 19:31:30,812 - INFO - API Called successfully...
2026-01-12 19:31:40,580 - WARNING - API call is failed : API call failed...
2026-01-12 19:31:41,582 - WARNING - API call is failed : API call failed...
2026-01-12 19:31:43,582 - INFO - Call_API function succsessfully called..
2026-01-12 19:31:43,582 - INFO - API Called successfully...
2026-01-12 19:32:43,613 - INFO - Call_API function succsessfully called..
2026-01-12 19:32:43,614 - INFO - API Called successfully...
2026-01-12 19:33:05,440 - ERROR - The API called is failed (Retries failed..)
2026-01-12 19:33:59,880 - INFO - Call_API function succsessfully called..
2026-01-12 19:33:59,880 - INFO - API Called successfully...


2026-01-12 19:34:54,648 - INFO - Call_API function succsessfully called..
2026-01-12 19:34:54,648 - INFO - API Called successfully...
2026-01-12 19:35:09,360 - INFO - Call_API function succsessfully called..
2026-01-12 19:35:09,360 - INFO - API Called successfully...
2026-01-12 19:35:18,115 - INFO - Call_API function succsessfully called..
2026-01-12 19:35:18,115 - INFO - API Called successfully...

2026-01-12 19:35:33,334 - INFO - Call_API function succsessfully called..
2026-01-12 19:35:33,334 - INFO - API Called successfully...
2026-01-12 19:35:54,810 - INFO - Call_API function succsessfully called..
2026-01-12 19:35:54,810 - INFO - API Called successfully...
2026-01-12 19:36:05,353 - INFO - Call_API function succsessfully called..
2026-01-12 19:36:05,353 - INFO - API Called successfully...
2026-01-12 19:36:14,531 - INFO - Call_API function succsessfully called..
2026-01-12 19:36:14,531 - INFO - API Called successfully...

2026-01-12 19:36:31,925 - INFO - Call_API function succsessfully called..
2026-01-12 19:36:31,925 - INFO - API Called successfully...
2026-01-12 19:36:57,594 - ERROR - The API called is failed (Retries failed..)
2026-01-12 19:37:34,256 - WARNING - API call is failed | attempt : 1 |Reason : API call failed...
2026-01-12 19:37:35,257 - WARNING - API call is failed | attempt : 2 |Reason : API call failed...
2026-01-12 19:37:37,258 - WARNING - API call is failed | attempt : 3 |Reason : API call failed...
2026-01-12 19:37:40,258 - ERROR - The API called is failed (Retries failed..)
