2026-01-13 21:03:57,081 - INFO - Payment is Widrawed | user_id : 101 | Amount : 100
2026-01-13 21:03:57,083 - WARNING - The Payment widtrawing is faied | attempt : 1 | user_id : 102 | amount : 100.55 | Reason : insufficient Amount
2026-01-13 21:03:57,083 - WARNING - The Payment widtrawing is faied | attempt : 2 | user_id : 102 | amount : 100.55 | Reason : insufficient Amount
2026-01-13 21:03:57,083 - WARNING - The Payment widtrawing is faied | attempt : 3 | user_id : 102 | amount : 100.55 | Reason : insufficient Amount
2026-01-13 21:03:57,083 - CRITICAL - Payment is permanently failed after 3 attempts for user_id : 102 of amount : 100.55
2026-01-14 19:22:12,616 - ERROR - Environment Error : This Code is only for Developement Purposes !
2026-01-14 19:22:12,616 - INFO - Payment is Widrawed | user_id : 101 | Amount : 100
2026-01-14 19:22:12,616 - WARNING - The Payment widtrawing is faied | attempt : 1 | user_id : 102 | amount : 100.55 | Reason : insufficient Amount
2026-01-14 19:22:12,616 - WARNING - The Payment widtrawing is faied | attempt : 2 | user_id : 102 | amount : 100.55 | Reason : insufficient Amount
2026-01-14 19:22:12,616 - WARNING - The Payment widtrawing is faied | attempt : 3 | user_id : 102 | amount : 100.55 | Reason : insufficient Amount
2026-01-14 19:22:12,616 - CRITICAL - Payment is permanently failed after 3 attempts for user_id : 102 of amount : 100.55
2026-01-14 19:23:00,482 - INFO - Payment is Widrawed | user_id : 101 | Amount : 100
2026-01-14 19:23:00,483 - WARNING - The Payment widtrawing is faied | attempt : 1 | user_id : 102 | amount : 100.55 | Reason : insufficient Amount
2026-01-14 19:23:00,483 - WARNING - The Payment widtrawing is faied | attempt : 2 | user_id : 102 | amount : 100.55 | Reason : insufficient Amount
2026-01-14 19:23:00,483 - WARNING - The Payment widtrawing is faied | attempt : 3 | user_id : 102 | amount : 100.55 | Reason : insufficient Amount
2026-01-14 19:23:00,483 - CRITICAL - Payment is permanently failed after 3 attempts for user_id : 102 of amount : 100.55
2026-01-14 19:23:20,479 - ERROR - Environment Error : This Code is only for Developement Purposes !
2026-01-14 19:23:20,479 - INFO - Payment is Widrawed | user_id : 101 | Amount : 100
2026-01-14 19:23:20,479 - WARNING - The Payment widtrawing is faied | attempt : 1 | user_id : 102 | amount : 100.55 | Reason : insufficient Amount
2026-01-14 19:23:20,479 - WARNING - The Payment widtrawing is faied | attempt : 2 | user_id : 102 | amount : 100.55 | Reason : insufficient Amount
2026-01-14 19:23:20,479 - WARNING - The Payment widtrawing is faied | attempt : 3 | user_id : 102 | amount : 100.55 | Reason : insufficient Amount
2026-01-14 19:23:20,479 - CRITICAL - Payment is permanently failed after 3 attempts for user_id : 102 of amount : 100.55
2026-01-14 19:23:39,568 - ERROR - Environment Error : This Code is only for Developement Purposes !
2026-01-14 19:23:39,568 - INFO - Payment is Widrawed | user_id : 101 | Amount : 100
2026-01-14 19:23:39,568 - WARNING - The Payment widtrawing is faied | attempt : 1 | user_id : 102 | amount : 100.55 | Reason : insufficient Amount
2026-01-14 19:23:39,568 - WARNING - The Payment widtrawing is faied | attempt : 2 | user_id : 102 | amount : 100.55 | Reason : insufficient Amount
2026-01-14 19:23:39,568 - WARNING - The Payment widtrawing is faied | attempt : 3 | user_id : 102 | amount : 100.55 | Reason : insufficient Amount
2026-01-14 19:23:39,568 - CRITICAL - Payment is permanently failed after 3 attempts for user_id : 102 of amount : 100.55


2026-01-14 19:37:55,739 - ERROR - Environment is not set to Development , Current Environment : production
2026-01-14 19:38:23,356 - ERROR - Environment is not set to Development , Current Environment : development
2026-01-14 19:38:38,929 - INFO - Payment is Widrawed | user_id : 101 | Amount : 100
2026-01-14 19:38:38,929 - WARNING - The Payment widtrawing is faied | attempt : 1 | user_id : 102 | amount : 100.55 | Reason : insufficient Amount
2026-01-14 19:38:38,929 - WARNING - The Payment widtrawing is faied | attempt : 2 | user_id : 102 | amount : 100.55 | Reason : insufficient Amount
2026-01-14 19:38:38,929 - WARNING - The Payment widtrawing is faied | attempt : 3 | user_id : 102 | amount : 100.55 | Reason : insufficient Amount
2026-01-14 19:38:38,929 - CRITICAL - Payment is permanently failed after 3 attempts for user_id : 102 of amount : 100.55
